[2021-08-10T22:35:01.102+0530][gc] Using G1
[2021-08-10T22:35:01.107+0530][gc,init] Version: 16.0.2+7-67 (release)
[2021-08-10T22:35:01.107+0530][gc,init] CPUs: 4 total, 4 available
[2021-08-10T22:35:01.107+0530][gc,init] Memory: 16306M
[2021-08-10T22:35:01.107+0530][gc,init] Large Page Support: Disabled
[2021-08-10T22:35:01.107+0530][gc,init] NUMA Support: Disabled
[2021-08-10T22:35:01.107+0530][gc,init] Compressed Oops: Enabled (32-bit)
[2021-08-10T22:35:01.107+0530][gc,init] Heap Region Size: 1M
[2021-08-10T22:35:01.107+0530][gc,init] Heap Min Capacity: 512M
[2021-08-10T22:35:01.107+0530][gc,init] Heap Initial Capacity: 512M
[2021-08-10T22:35:01.107+0530][gc,init] Heap Max Capacity: 512M
[2021-08-10T22:35:01.107+0530][gc,init] Pre-touch: Disabled
[2021-08-10T22:35:01.108+0530][gc,init] Parallel Workers: 4
[2021-08-10T22:35:01.108+0530][gc,init] Concurrent Workers: 1
[2021-08-10T22:35:01.108+0530][gc,init] Concurrent Refinement Workers: 4
[2021-08-10T22:35:01.108+0530][gc,init] Periodic GC: Disabled
[2021-08-10T22:35:01.116+0530][gc,metaspace] CDS archive(s) mapped at: [0x0000000800000000-0x0000000800bb0000-0x0000000800bb0000), size 12255232, SharedBaseAddress: 0x0000000800000000, ArchiveRelocationMode: 0.
[2021-08-10T22:35:01.116+0530][gc,metaspace] Compressed class space mapped at: 0x0000000800c00000-0x0000000840c00000, reserved size: 1073741824
[2021-08-10T22:35:01.116+0530][gc,metaspace] Narrow klass base: 0x0000000800000000, Narrow klass shift: 3, Narrow klass range: 0x100000000
[2021-08-10T22:35:06.731+0530][gc,heap,exit] Heap
[2021-08-10T22:35:06.731+0530][gc,heap,exit]  garbage-first heap   total 524288K, used 7170K [0x00000000e0000000, 0x0000000100000000)
[2021-08-10T22:35:06.731+0530][gc,heap,exit]   region size 1024K, 8 young (8192K), 0 survivors (0K)
[2021-08-10T22:35:06.731+0530][gc,heap,exit]  Metaspace       used 4367K, committed 4480K, reserved 1056768K
[2021-08-10T22:35:06.731+0530][gc,heap,exit]   class space    used 475K, committed 512K, reserved 1048576K
